{
  "NodeId": 8,
  "Token": {
    "Types": [
      "KEYWORD_ENUM",
      "IDENTIFIER"
    ],
    "Value": "enum",
    "Pos": {
      "Start": {
        "Line": 2,
        "Column": 0,
        "Abs": 1
      },
      "End": {
        "Line": 2,
        "Column": 4,
        "Abs": 5
      },
      "Length": 4
    }
  },
  "RuleRange": null,
  "Statements": [
    {
      "NodeId": 9,
      "Token": {
        "Types": [
          "KEYWORD_ENUM",
          "IDENTIFIER"
        ],
        "Value": "enum",
        "Pos": {
          "Start": {
            "Line": 2,
            "Column": 0,
            "Abs": 1
          },
          "End": {
            "Line": 2,
            "Column": 4,
            "Abs": 5
          },
          "Length": 4
        }
      },
      "RuleRange": {
        "Start": {
          "Types": [
            "KEYWORD_ENUM",
            "IDENTIFIER"
          ],
          "Value": "enum",
          "Pos": {
            "Start": {
              "Line": 2,
              "Column": 0,
              "Abs": 1
            },
            "End": {
              "Line": 2,
              "Column": 4,
              "Abs": 5
            },
            "Length": 4
          }
        },
        "End": {
          "Types": [
            "IDENTIFIER"
          ],
          "Value": "Yeet",
          "Pos": {
            "Start": {
              "Line": 2,
              "Column": 5,
              "Abs": 6
            },
            "End": {
              "Line": 2,
              "Column": 9,
              "Abs": 10
            },
            "Length": 4
          }
        }
      },
      "Name": {
        "NodeId": 10,
        "Token": {
          "Types": [
            "IDENTIFIER"
          ],
          "Value": "Yeet",
          "Pos": {
            "Start": {
              "Line": 2,
              "Column": 5,
              "Abs": 6
            },
            "End": {
              "Line": 2,
              "Column": 9,
              "Abs": 10
            },
            "Length": 4
          }
        },
        "RuleRange": {
          "Start": {
            "Types": [
              "IDENTIFIER"
            ],
            "Value": "Yeet",
            "Pos": {
              "Start": {
                "Line": 2,
                "Column": 5,
                "Abs": 6
              },
              "End": {
                "Line": 2,
                "Column": 9,
                "Abs": 10
              },
              "Length": 4
            }
          },
          "End": {
            "Types": [
              "IDENTIFIER"
            ],
            "Value": "Yeet",
            "Pos": {
              "Start": {
                "Line": 2,
                "Column": 5,
                "Abs": 6
              },
              "End": {
                "Line": 2,
                "Column": 9,
                "Abs": 10
              },
              "Length": 4
            }
          }
        },
        "Name": "Yeet"
      },
      "Values": [
        {
          "NodeId": 11,
          "Token": {
            "Types": [
              "IDENTIFIER"
            ],
            "Value": "WithValue",
            "Pos": {
              "Start": {
                "Line": 3,
                "Column": 0,
                "Abs": 13
              },
              "End": {
                "Line": 3,
                "Column": 9,
                "Abs": 22
              },
              "Length": 9
            }
          },
          "RuleRange": {
            "Start": {
              "Types": [
                "IDENTIFIER"
              ],
              "Value": "WithValue",
              "Pos": {
                "Start": {
                  "Line": 3,
                  "Column": 0,
                  "Abs": 13
                },
                "End": {
                  "Line": 3,
                  "Column": 9,
                  "Abs": 22
                },
                "Length": 9
              }
            },
            "End": {
              "Types": [
                "IDENTIFIER"
              ],
              "Value": "WithValue",
              "Pos": {
                "Start": {
                  "Line": 3,
                  "Column": 0,
                  "Abs": 13
                },
                "End": {
                  "Line": 3,
                  "Column": 9,
                  "Abs": 22
                },
                "Length": 9
              }
            }
          },
          "Name": {
            "NodeId": 12,
            "Token": {
              "Types": [
                "IDENTIFIER"
              ],
              "Value": "WithValue",
              "Pos": {
                "Start": {
                  "Line": 3,
                  "Column": 0,
                  "Abs": 13
                },
                "End": {
                  "Line": 3,
                  "Column": 9,
                  "Abs": 22
                },
                "Length": 9
              }
            },
            "RuleRange": {
              "Start": {
                "Types": [
                  "IDENTIFIER"
                ],
                "Value": "WithValue",
                "Pos": {
                  "Start": {
                    "Line": 3,
                    "Column": 0,
                    "Abs": 13
                  },
                  "End": {
                    "Line": 3,
                    "Column": 9,
                    "Abs": 22
                  },
                  "Length": 9
                }
              },
              "End": {
                "Types": [
                  "IDENTIFIER"
                ],
                "Value": "WithValue",
                "Pos": {
                  "Start": {
                    "Line": 3,
                    "Column": 0,
                    "Abs": 13
                  },
                  "End": {
                    "Line": 3,
                    "Column": 9,
                    "Abs": 22
                  },
                  "Length": 9
                }
              }
            },
            "Name": "WithValue"
          },
          "Kind": "with_value",
          "Type": null,
          "Value": null,
          "Properties": [
            {
              "NodeId": 14,
              "Token": {
                "Types": [
                  "IDENTIFIER"
                ],
                "Value": "a",
                "Pos": {
                  "Start": {
                    "Line": 3,
                    "Column": 10,
                    "Abs": 23
                  },
                  "End": {
                    "Line": 3,
                    "Column": 11,
                    "Abs": 24
                  },
                  "Length": 1
                }
              },
              "RuleRange": {
                "Start": {
                  "Types": [
                    "IDENTIFIER"
                  ],
                  "Value": "a",
                  "Pos": {
                    "Start": {
                      "Line": 3,
                      "Column": 10,
                      "Abs": 23
                    },
                    "End": {
                      "Line": 3,
                      "Column": 11,
                      "Abs": 24
                    },
                    "Length": 1
                  }
                },
                "End": {
                  "Types": [
                    "IDENTIFIER"
                  ],
                  "Value": "a",
                  "Pos": {
                    "Start": {
                      "Line": 3,
                      "Column": 10,
                      "Abs": 23
                    },
                    "End": {
                      "Line": 3,
                      "Column": 11,
                      "Abs": 24
                    },
                    "Length": 1
                  }
                }
              },
              "Name": "a",
              "TypeReference": {
                "NodeId": 15,
                "Token": {
                  "Types": [
                    "IDENTIFIER"
                  ],
                  "Value": "int",
                  "Pos": {
                    "Start": {
                      "Line": 3,
                      "Column": 12,
                      "Abs": 25
                    },
                    "End": {
                      "Line": 3,
                      "Column": 15,
                      "Abs": 28
                    },
                    "Length": 3
                  }
                },
                "RuleRange": {
                  "Start": {
                    "Types": [
                      "IDENTIFIER"
                    ],
                    "Value": "int",
                    "Pos": {
                      "Start": {
                        "Line": 3,
                        "Column": 12,
                        "Abs": 25
                      },
                      "End": {
                        "Line": 3,
                        "Column": 15,
                        "Abs": 28
                      },
                      "Length": 3
                    }
                  },
                  "End": {
                    "Types": [
                      "IDENTIFIER"
                    ],
                    "Value": "int",
                    "Pos": {
                      "Start": {
                        "Line": 3,
                        "Column": 12,
                        "Abs": 25
                      },
                      "End": {
                        "Line": 3,
                        "Column": 15,
                        "Abs": 28
                      },
                      "Length": 3
                    }
                  }
                },
                "Type": "int",
                "IsPointer": false,
                "IsArray": false,
                "IsVariadic": false
              }
            },
            {
              "NodeId": 17,
              "Token": {
                "Types": [
                  "IDENTIFIER"
                ],
                "Value": "b",
                "Pos": {
                  "Start": {
                    "Line": 3,
                    "Column": 17,
                    "Abs": 30
                  },
                  "End": {
                    "Line": 3,
                    "Column": 18,
                    "Abs": 31
                  },
                  "Length": 1
                }
              },
              "RuleRange": {
                "Start": {
                  "Types": [
                    "IDENTIFIER"
                  ],
                  "Value": "b",
                  "Pos": {
                    "Start": {
                      "Line": 3,
                      "Column": 17,
                      "Abs": 30
                    },
                    "End": {
                      "Line": 3,
                      "Column": 18,
                      "Abs": 31
                    },
                    "Length": 1
                  }
                },
                "End": {
                  "Types": [
                    "IDENTIFIER"
                  ],
                  "Value": "b",
                  "Pos": {
                    "Start": {
                      "Line": 3,
                      "Column": 17,
                      "Abs": 30
                    },
                    "End": {
                      "Line": 3,
                      "Column": 18,
                      "Abs": 31
                    },
                    "Length": 1
                  }
                }
              },
              "Name": "b",
              "TypeReference": {
                "NodeId": 18,
                "Token": {
                  "Types": [
                    "IDENTIFIER"
                  ],
                  "Value": "Obj",
                  "Pos": {
                    "Start": {
                      "Line": 3,
                      "Column": 19,
                      "Abs": 32
                    },
                    "End": {
                      "Line": 3,
                      "Column": 22,
                      "Abs": 35
                    },
                    "Length": 3
                  }
                },
                "RuleRange": {
                  "Start": {
                    "Types": [
                      "IDENTIFIER"
                    ],
                    "Value": "Obj",
                    "Pos": {
                      "Start": {
                        "Line": 3,
                        "Column": 19,
                        "Abs": 32
                      },
                      "End": {
                        "Line": 3,
                        "Column": 22,
                        "Abs": 35
                      },
                      "Length": 3
                    }
                  },
                  "End": {
                    "Types": [
                      "IDENTIFIER"
                    ],
                    "Value": "Obj",
                    "Pos": {
                      "Start": {
                        "Line": 3,
                        "Column": 19,
                        "Abs": 32
                      },
                      "End": {
                        "Line": 3,
                        "Column": 22,
                        "Abs": 35
                      },
                      "Length": 3
                    }
                  }
                },
                "Type": "Obj",
                "IsPointer": false,
                "IsArray": false,
                "IsVariadic": false
              }
            }
          ]
        },
        {
          "NodeId": 19,
          "Token": {
            "Types": [
              "IDENTIFIER"
            ],
            "Value": "a",
            "Pos": {
              "Start": {
                "Line": 4,
                "Column": 0,
                "Abs": 37
              },
              "End": {
                "Line": 4,
                "Column": 1,
                "Abs": 38
              },
              "Length": 1
            }
          },
          "RuleRange": {
            "Start": {
              "Types": [
                "IDENTIFIER"
              ],
              "Value": "a",
              "Pos": {
                "Start": {
                  "Line": 4,
                  "Column": 0,
                  "Abs": 37
                },
                "End": {
                  "Line": 4,
                  "Column": 1,
                  "Abs": 38
                },
                "Length": 1
              }
            },
            "End": {
              "Types": [
                "IDENTIFIER"
              ],
              "Value": "a",
              "Pos": {
                "Start": {
                  "Line": 4,
                  "Column": 0,
                  "Abs": 37
                },
                "End": {
                  "Line": 4,
                  "Column": 1,
                  "Abs": 38
                },
                "Length": 1
              }
            }
          },
          "Name": {
            "NodeId": 20,
            "Token": {
              "Types": [
                "IDENTIFIER"
              ],
              "Value": "a",
              "Pos": {
                "Start": {
                  "Line": 4,
                  "Column": 0,
                  "Abs": 37
                },
                "End": {
                  "Line": 4,
                  "Column": 1,
                  "Abs": 38
                },
                "Length": 1
              }
            },
            "RuleRange": {
              "Start": {
                "Types": [
                  "IDENTIFIER"
                ],
                "Value": "a",
                "Pos": {
                  "Start": {
                    "Line": 4,
                    "Column": 0,
                    "Abs": 37
                  },
                  "End": {
                    "Line": 4,
                    "Column": 1,
                    "Abs": 38
                  },
                  "Length": 1
                }
              },
              "End": {
                "Types": [
                  "IDENTIFIER"
                ],
                "Value": "a",
                "Pos": {
                  "Start": {
                    "Line": 4,
                    "Column": 0,
                    "Abs": 37
                  },
                  "End": {
                    "Line": 4,
                    "Column": 1,
                    "Abs": 38
                  },
                  "Length": 1
                }
              }
            },
            "Name": "a"
          },
          "Kind": "literal",
          "Type": {
            "NodeId": 1,
            "Token": null,
            "RuleRange": null,
            "Name": "int"
          },
          "Value": 1,
          "Properties": null
        },
        {
          "NodeId": 22,
          "Token": {
            "Types": [
              "IDENTIFIER"
            ],
            "Value": "b",
            "Pos": {
              "Start": {
                "Line": 5,
                "Column": 0,
                "Abs": 43
              },
              "End": {
                "Line": 5,
                "Column": 1,
                "Abs": 44
              },
              "Length": 1
            }
          },
          "RuleRange": {
            "Start": {
              "Types": [
                "IDENTIFIER"
              ],
              "Value": "b",
              "Pos": {
                "Start": {
                  "Line": 5,
                  "Column": 0,
                  "Abs": 43
                },
                "End": {
                  "Line": 5,
                  "Column": 1,
                  "Abs": 44
                },
                "Length": 1
              }
            },
            "End": {
              "Types": [
                "IDENTIFIER"
              ],
              "Value": "b",
              "Pos": {
                "Start": {
                  "Line": 5,
                  "Column": 0,
                  "Abs": 43
                },
                "End": {
                  "Line": 5,
                  "Column": 1,
                  "Abs": 44
                },
                "Length": 1
              }
            }
          },
          "Name": {
            "NodeId": 23,
            "Token": {
              "Types": [
                "IDENTIFIER"
              ],
              "Value": "b",
              "Pos": {
                "Start": {
                  "Line": 5,
                  "Column": 0,
                  "Abs": 43
                },
                "End": {
                  "Line": 5,
                  "Column": 1,
                  "Abs": 44
                },
                "Length": 1
              }
            },
            "RuleRange": {
              "Start": {
                "Types": [
                  "IDENTIFIER"
                ],
                "Value": "b",
                "Pos": {
                  "Start": {
                    "Line": 5,
                    "Column": 0,
                    "Abs": 43
                  },
                  "End": {
                    "Line": 5,
                    "Column": 1,
                    "Abs": 44
                  },
                  "Length": 1
                }
              },
              "End": {
                "Types": [
                  "IDENTIFIER"
                ],
                "Value": "b",
                "Pos": {
                  "Start": {
                    "Line": 5,
                    "Column": 0,
                    "Abs": 43
                  },
                  "End": {
                    "Line": 5,
                    "Column": 1,
                    "Abs": 44
                  },
                  "Length": 1
                }
              }
            },
            "Name": "b"
          },
          "Kind": "literal",
          "Type": {
            "NodeId": 1,
            "Token": null,
            "RuleRange": null,
            "Name": "int"
          },
          "Value": 2,
          "Properties": null
        },
        {
          "NodeId": 25,
          "Token": {
            "Types": [
              "IDENTIFIER"
            ],
            "Value": "WithValue",
            "Pos": {
              "Start": {
                "Line": 7,
                "Column": 0,
                "Abs": 50
              },
              "End": {
                "Line": 7,
                "Column": 9,
                "Abs": 59
              },
              "Length": 9
            }
          },
          "RuleRange": {
            "Start": {
              "Types": [
                "IDENTIFIER"
              ],
              "Value": "WithValue",
              "Pos": {
                "Start": {
                  "Line": 7,
                  "Column": 0,
                  "Abs": 50
                },
                "End": {
                  "Line": 7,
                  "Column": 9,
                  "Abs": 59
                },
                "Length": 9
              }
            },
            "End": {
              "Types": [
                "IDENTIFIER"
              ],
              "Value": "WithValue",
              "Pos": {
                "Start": {
                  "Line": 7,
                  "Column": 0,
                  "Abs": 50
                },
                "End": {
                  "Line": 7,
                  "Column": 9,
                  "Abs": 59
                },
                "Length": 9
              }
            }
          },
          "Name": {
            "NodeId": 26,
            "Token": {
              "Types": [
                "IDENTIFIER"
              ],
              "Value": "WithValue",
              "Pos": {
                "Start": {
                  "Line": 7,
                  "Column": 0,
                  "Abs": 50
                },
                "End": {
                  "Line": 7,
                  "Column": 9,
                  "Abs": 59
                },
                "Length": 9
              }
            },
            "RuleRange": {
              "Start": {
                "Types": [
                  "IDENTIFIER"
                ],
                "Value": "WithValue",
                "Pos": {
                  "Start": {
                    "Line": 7,
                    "Column": 0,
                    "Abs": 50
                  },
                  "End": {
                    "Line": 7,
                    "Column": 9,
                    "Abs": 59
                  },
                  "Length": 9
                }
              },
              "End": {
                "Types": [
                  "IDENTIFIER"
                ],
                "Value": "WithValue",
                "Pos": {
                  "Start": {
                    "Line": 7,
                    "Column": 0,
                    "Abs": 50
                  },
                  "End": {
                    "Line": 7,
                    "Column": 9,
                    "Abs": 59
                  },
                  "Length": 9
                }
              }
            },
            "Name": "WithValue"
          },
          "Kind": "with_value",
          "Type": null,
          "Value": null,
          "Properties": [
            {
              "NodeId": 27,
              "Token": {
                "Types": [
                  "IDENTIFIER"
                ],
                "Value": "int",
                "Pos": {
                  "Start": {
                    "Line": 7,
                    "Column": 10,
                    "Abs": 60
                  },
                  "End": {
                    "Line": 7,
                    "Column": 13,
                    "Abs": 63
                  },
                  "Length": 3
                }
              },
              "RuleRange": {
                "Start": {
                  "Types": [
                    "IDENTIFIER"
                  ],
                  "Value": "int",
                  "Pos": {
                    "Start": {
                      "Line": 7,
                      "Column": 10,
                      "Abs": 60
                    },
                    "End": {
                      "Line": 7,
                      "Column": 13,
                      "Abs": 63
                    },
                    "Length": 3
                  }
                },
                "End": {
                  "Types": [
                    "IDENTIFIER"
                  ],
                  "Value": "int",
                  "Pos": {
                    "Start": {
                      "Line": 7,
                      "Column": 10,
                      "Abs": 60
                    },
                    "End": {
                      "Line": 7,
                      "Column": 13,
                      "Abs": 63
                    },
                    "Length": 3
                  }
                }
              },
              "Name": "0",
              "TypeReference": {
                "NodeId": 28,
                "Token": {
                  "Types": [
                    "IDENTIFIER"
                  ],
                  "Value": "int",
                  "Pos": {
                    "Start": {
                      "Line": 7,
                      "Column": 10,
                      "Abs": 60
                    },
                    "End": {
                      "Line": 7,
                      "Column": 13,
                      "Abs": 63
                    },
                    "Length": 3
                  }
                },
                "RuleRange": {
                  "Start": {
                    "Types": [
                      "IDENTIFIER"
                    ],
                    "Value": "int",
                    "Pos": {
                      "Start": {
                        "Line": 7,
                        "Column": 10,
                        "Abs": 60
                      },
                      "End": {
                        "Line": 7,
                        "Column": 13,
                        "Abs": 63
                      },
                      "Length": 3
                    }
                  },
                  "End": {
                    "Types": [
                      "IDENTIFIER"
                    ],
                    "Value": "int",
                    "Pos": {
                      "Start": {
                        "Line": 7,
                        "Column": 10,
                        "Abs": 60
                      },
                      "End": {
                        "Line": 7,
                        "Column": 13,
                        "Abs": 63
                      },
                      "Length": 3
                    }
                  }
                },
                "Type": "int",
                "IsPointer": false,
                "IsArray": false,
                "IsVariadic": false
              }
            },
            {
              "NodeId": 29,
              "Token": {
                "Types": [
                  "IDENTIFIER"
                ],
                "Value": "Obj",
                "Pos": {
                  "Start": {
                    "Line": 7,
                    "Column": 15,
                    "Abs": 65
                  },
                  "End": {
                    "Line": 7,
                    "Column": 18,
                    "Abs": 68
                  },
                  "Length": 3
                }
              },
              "RuleRange": {
                "Start": {
                  "Types": [
                    "IDENTIFIER"
                  ],
                  "Value": "Obj",
                  "Pos": {
                    "Start": {
                      "Line": 7,
                      "Column": 15,
                      "Abs": 65
                    },
                    "End": {
                      "Line": 7,
                      "Column": 18,
                      "Abs": 68
                    },
                    "Length": 3
                  }
                },
                "End": {
                  "Types": [
                    "IDENTIFIER"
                  ],
                  "Value": "Obj",
                  "Pos": {
                    "Start": {
                      "Line": 7,
                      "Column": 15,
                      "Abs": 65
                    },
                    "End": {
                      "Line": 7,
                      "Column": 18,
                      "Abs": 68
                    },
                    "Length": 3
                  }
                }
              },
              "Name": "1",
              "TypeReference": {
                "NodeId": 30,
                "Token": {
                  "Types": [
                    "IDENTIFIER"
                  ],
                  "Value": "Obj",
                  "Pos": {
                    "Start": {
                      "Line": 7,
                      "Column": 15,
                      "Abs": 65
                    },
                    "End": {
                      "Line": 7,
                      "Column": 18,
                      "Abs": 68
                    },
                    "Length": 3
                  }
                },
                "RuleRange": {
                  "Start": {
                    "Types": [
                      "IDENTIFIER"
                    ],
                    "Value": "Obj",
                    "Pos": {
                      "Start": {
                        "Line": 7,
                        "Column": 15,
                        "Abs": 65
                      },
                      "End": {
                        "Line": 7,
                        "Column": 18,
                        "Abs": 68
                      },
                      "Length": 3
                    }
                  },
                  "End": {
                    "Types": [
                      "IDENTIFIER"
                    ],
                    "Value": "Obj",
                    "Pos": {
                      "Start": {
                        "Line": 7,
                        "Column": 15,
                        "Abs": 65
                      },
                      "End": {
                        "Line": 7,
                        "Column": 18,
                        "Abs": 68
                      },
                      "Length": 3
                    }
                  }
                },
                "Type": "Obj",
                "IsPointer": false,
                "IsArray": false,
                "IsVariadic": false
              }
            }
          ]
        }
      ]
    },
    {
      "NodeId": 31,
      "Token": {
        "Types": [
          "IDENTIFIER"
        ],
        "Value": "Obj",
        "Pos": {
          "Start": {
            "Line": 15,
            "Column": 7,
            "Abs": 85
          },
          "End": {
            "Line": 15,
            "Column": 10,
            "Abs": 88
          },
          "Length": 3
        }
      },
      "RuleRange": {
        "Start": {
          "Types": [
            "KEYWORD_OBJECT",
            "IDENTIFIER"
          ],
          "Value": "object",
          "Pos": {
            "Start": {
              "Line": 15,
              "Column": 0,
              "Abs": 78
            },
            "End": {
              "Line": 15,
              "Column": 6,
              "Abs": 84
            },
            "Length": 6
          }
        },
        "End": {
          "Types": [
            "IDENTIFIER"
          ],
          "Value": "Obj",
          "Pos": {
            "Start": {
              "Line": 15,
              "Column": 7,
              "Abs": 85
            },
            "End": {
              "Line": 15,
              "Column": 10,
              "Abs": 88
            },
            "Length": 3
          }
        }
      },
      "Name": {
        "NodeId": 32,
        "Token": {
          "Types": [
            "IDENTIFIER"
          ],
          "Value": "Obj",
          "Pos": {
            "Start": {
              "Line": 15,
              "Column": 7,
              "Abs": 85
            },
            "End": {
              "Line": 15,
              "Column": 10,
              "Abs": 88
            },
            "Length": 3
          }
        },
        "RuleRange": {
          "Start": {
            "Types": [
              "IDENTIFIER"
            ],
            "Value": "Obj",
            "Pos": {
              "Start": {
                "Line": 15,
                "Column": 7,
                "Abs": 85
              },
              "End": {
                "Line": 15,
                "Column": 10,
                "Abs": 88
              },
              "Length": 3
            }
          },
          "End": {
            "Types": [
              "IDENTIFIER"
            ],
            "Value": "Obj",
            "Pos": {
              "Start": {
                "Line": 15,
                "Column": 7,
                "Abs": 85
              },
              "End": {
                "Line": 15,
                "Column": 10,
                "Abs": 88
              },
              "Length": 3
            }
          }
        },
        "Name": "Obj"
      },
      "Fields": [
        {
          "NodeId": 34,
          "Token": {
            "Types": [
              "IDENTIFIER"
            ],
            "Value": "name",
            "Pos": {
              "Start": {
                "Line": 16,
                "Column": 2,
                "Abs": 93
              },
              "End": {
                "Line": 16,
                "Column": 6,
                "Abs": 97
              },
              "Length": 4
            }
          },
          "RuleRange": {
            "Start": {
              "Types": [
                "IDENTIFIER"
              ],
              "Value": "name",
              "Pos": {
                "Start": {
                  "Line": 16,
                  "Column": 2,
                  "Abs": 93
                },
                "End": {
                  "Line": 16,
                  "Column": 6,
                  "Abs": 97
                },
                "Length": 4
              }
            },
            "End": {
              "Types": [
                "IDENTIFIER"
              ],
              "Value": "name",
              "Pos": {
                "Start": {
                  "Line": 16,
                  "Column": 2,
                  "Abs": 93
                },
                "End": {
                  "Line": 16,
                  "Column": 6,
                  "Abs": 97
                },
                "Length": 4
              }
            }
          },
          "Name": "name",
          "TypeReference": {
            "NodeId": 35,
            "Token": {
              "Types": [
                "IDENTIFIER"
              ],
              "Value": "string",
              "Pos": {
                "Start": {
                  "Line": 16,
                  "Column": 7,
                  "Abs": 98
                },
                "End": {
                  "Line": 16,
                  "Column": 13,
                  "Abs": 104
                },
                "Length": 6
              }
            },
            "RuleRange": {
              "Start": {
                "Types": [
                  "IDENTIFIER"
                ],
                "Value": "string",
                "Pos": {
                  "Start": {
                    "Line": 16,
                    "Column": 7,
                    "Abs": 98
                  },
                  "End": {
                    "Line": 16,
                    "Column": 13,
                    "Abs": 104
                  },
                  "Length": 6
                }
              },
              "End": {
                "Types": [
                  "IDENTIFIER"
                ],
                "Value": "string",
                "Pos": {
                  "Start": {
                    "Line": 16,
                    "Column": 7,
                    "Abs": 98
                  },
                  "End": {
                    "Line": 16,
                    "Column": 13,
                    "Abs": 104
                  },
                  "Length": 6
                }
              }
            },
            "Type": "string",
            "IsPointer": false,
            "IsArray": false,
            "IsVariadic": false
          }
        }
      ],
      "Methods": {}
    },
    {
      "NodeId": 36,
      "Token": {
        "Types": [
          "KEYWORD_ENUM",
          "IDENTIFIER"
        ],
        "Value": "enum",
        "Pos": {
          "Start": {
            "Line": 19,
            "Column": 0,
            "Abs": 108
          },
          "End": {
            "Line": 19,
            "Column": 4,
            "Abs": 112
          },
          "Length": 4
        }
      },
      "RuleRange": {
        "Start": {
          "Types": [
            "KEYWORD_ENUM",
            "IDENTIFIER"
          ],
          "Value": "enum",
          "Pos": {
            "Start": {
              "Line": 19,
              "Column": 0,
              "Abs": 108
            },
            "End": {
              "Line": 19,
              "Column": 4,
              "Abs": 112
            },
            "Length": 4
          }
        },
        "End": {
          "Types": [
            "IDENTIFIER"
          ],
          "Value": "Yeet2",
          "Pos": {
            "Start": {
              "Line": 19,
              "Column": 5,
              "Abs": 113
            },
            "End": {
              "Line": 19,
              "Column": 10,
              "Abs": 118
            },
            "Length": 5
          }
        }
      },
      "Name": {
        "NodeId": 37,
        "Token": {
          "Types": [
            "IDENTIFIER"
          ],
          "Value": "Yeet2",
          "Pos": {
            "Start": {
              "Line": 19,
              "Column": 5,
              "Abs": 113
            },
            "End": {
              "Line": 19,
              "Column": 10,
              "Abs": 118
            },
            "Length": 5
          }
        },
        "RuleRange": {
          "Start": {
            "Types": [
              "IDENTIFIER"
            ],
            "Value": "Yeet2",
            "Pos": {
              "Start": {
                "Line": 19,
                "Column": 5,
                "Abs": 113
              },
              "End": {
                "Line": 19,
                "Column": 10,
                "Abs": 118
              },
              "Length": 5
            }
          },
          "End": {
            "Types": [
              "IDENTIFIER"
            ],
            "Value": "Yeet2",
            "Pos": {
              "Start": {
                "Line": 19,
                "Column": 5,
                "Abs": 113
              },
              "End": {
                "Line": 19,
                "Column": 10,
                "Abs": 118
              },
              "Length": 5
            }
          }
        },
        "Name": "Yeet2"
      },
      "Values": [
        {
          "NodeId": 38,
          "Token": {
            "Types": [
              "IDENTIFIER"
            ],
            "Value": "Another",
            "Pos": {
              "Start": {
                "Line": 20,
                "Column": 2,
                "Abs": 123
              },
              "End": {
                "Line": 20,
                "Column": 9,
                "Abs": 130
              },
              "Length": 7
            }
          },
          "RuleRange": {
            "Start": {
              "Types": [
                "IDENTIFIER"
              ],
              "Value": "Another",
              "Pos": {
                "Start": {
                  "Line": 20,
                  "Column": 2,
                  "Abs": 123
                },
                "End": {
                  "Line": 20,
                  "Column": 9,
                  "Abs": 130
                },
                "Length": 7
              }
            },
            "End": {
              "Types": [
                "IDENTIFIER"
              ],
              "Value": "Another",
              "Pos": {
                "Start": {
                  "Line": 20,
                  "Column": 2,
                  "Abs": 123
                },
                "End": {
                  "Line": 20,
                  "Column": 9,
                  "Abs": 130
                },
                "Length": 7
              }
            }
          },
          "Name": {
            "NodeId": 39,
            "Token": {
              "Types": [
                "IDENTIFIER"
              ],
              "Value": "Another",
              "Pos": {
                "Start": {
                  "Line": 20,
                  "Column": 2,
                  "Abs": 123
                },
                "End": {
                  "Line": 20,
                  "Column": 9,
                  "Abs": 130
                },
                "Length": 7
              }
            },
            "RuleRange": {
              "Start": {
                "Types": [
                  "IDENTIFIER"
                ],
                "Value": "Another",
                "Pos": {
                  "Start": {
                    "Line": 20,
                    "Column": 2,
                    "Abs": 123
                  },
                  "End": {
                    "Line": 20,
                    "Column": 9,
                    "Abs": 130
                  },
                  "Length": 7
                }
              },
              "End": {
                "Types": [
                  "IDENTIFIER"
                ],
                "Value": "Another",
                "Pos": {
                  "Start": {
                    "Line": 20,
                    "Column": 2,
                    "Abs": 123
                  },
                  "End": {
                    "Line": 20,
                    "Column": 9,
                    "Abs": 130
                  },
                  "Length": 7
                }
              }
            },
            "Name": "Another"
          },
          "Kind": "with_value",
          "Type": null,
          "Value": null,
          "Properties": [
            {
              "NodeId": 41,
              "Token": {
                "Types": [
                  "IDENTIFIER"
                ],
                "Value": "val",
                "Pos": {
                  "Start": {
                    "Line": 20,
                    "Column": 10,
                    "Abs": 131
                  },
                  "End": {
                    "Line": 20,
                    "Column": 13,
                    "Abs": 134
                  },
                  "Length": 3
                }
              },
              "RuleRange": {
                "Start": {
                  "Types": [
                    "IDENTIFIER"
                  ],
                  "Value": "val",
                  "Pos": {
                    "Start": {
                      "Line": 20,
                      "Column": 10,
                      "Abs": 131
                    },
                    "End": {
                      "Line": 20,
                      "Column": 13,
                      "Abs": 134
                    },
                    "Length": 3
                  }
                },
                "End": {
                  "Types": [
                    "IDENTIFIER"
                  ],
                  "Value": "val",
                  "Pos": {
                    "Start": {
                      "Line": 20,
                      "Column": 10,
                      "Abs": 131
                    },
                    "End": {
                      "Line": 20,
                      "Column": 13,
                      "Abs": 134
                    },
                    "Length": 3
                  }
                }
              },
              "Name": "val",
              "TypeReference": {
                "NodeId": 42,
                "Token": {
                  "Types": [
                    "IDENTIFIER"
                  ],
                  "Value": "string",
                  "Pos": {
                    "Start": {
                      "Line": 20,
                      "Column": 14,
                      "Abs": 135
                    },
                    "End": {
                      "Line": 20,
                      "Column": 20,
                      "Abs": 141
                    },
                    "Length": 6
                  }
                },
                "RuleRange": {
                  "Start": {
                    "Types": [
                      "IDENTIFIER"
                    ],
                    "Value": "string",
                    "Pos": {
                      "Start": {
                        "Line": 20,
                        "Column": 14,
                        "Abs": 135
                      },
                      "End": {
                        "Line": 20,
                        "Column": 20,
                        "Abs": 141
                      },
                      "Length": 6
                    }
                  },
                  "End": {
                    "Types": [
                      "IDENTIFIER"
                    ],
                    "Value": "string",
                    "Pos": {
                      "Start": {
                        "Line": 20,
                        "Column": 14,
                        "Abs": 135
                      },
                      "End": {
                        "Line": 20,
                        "Column": 20,
                        "Abs": 141
                      },
                      "Length": 6
                    }
                  }
                },
                "Type": "string",
                "IsPointer": false,
                "IsArray": false,
                "IsVariadic": false
              }
            }
          ]
        },
        {
          "NodeId": 43,
          "Token": {
            "Types": [
              "IDENTIFIER"
            ],
            "Value": "WithValue",
            "Pos": {
              "Start": {
                "Line": 21,
                "Column": 2,
                "Abs": 145
              },
              "End": {
                "Line": 21,
                "Column": 11,
                "Abs": 154
              },
              "Length": 9
            }
          },
          "RuleRange": {
            "Start": {
              "Types": [
                "IDENTIFIER"
              ],
              "Value": "WithValue",
              "Pos": {
                "Start": {
                  "Line": 21,
                  "Column": 2,
                  "Abs": 145
                },
                "End": {
                  "Line": 21,
                  "Column": 11,
                  "Abs": 154
                },
                "Length": 9
              }
            },
            "End": {
              "Types": [
                "IDENTIFIER"
              ],
              "Value": "WithValue",
              "Pos": {
                "Start": {
                  "Line": 21,
                  "Column": 2,
                  "Abs": 145
                },
                "End": {
                  "Line": 21,
                  "Column": 11,
                  "Abs": 154
                },
                "Length": 9
              }
            }
          },
          "Name": {
            "NodeId": 44,
            "Token": {
              "Types": [
                "IDENTIFIER"
              ],
              "Value": "WithValue",
              "Pos": {
                "Start": {
                  "Line": 21,
                  "Column": 2,
                  "Abs": 145
                },
                "End": {
                  "Line": 21,
                  "Column": 11,
                  "Abs": 154
                },
                "Length": 9
              }
            },
            "RuleRange": {
              "Start": {
                "Types": [
                  "IDENTIFIER"
                ],
                "Value": "WithValue",
                "Pos": {
                  "Start": {
                    "Line": 21,
                    "Column": 2,
                    "Abs": 145
                  },
                  "End": {
                    "Line": 21,
                    "Column": 11,
                    "Abs": 154
                  },
                  "Length": 9
                }
              },
              "End": {
                "Types": [
                  "IDENTIFIER"
                ],
                "Value": "WithValue",
                "Pos": {
                  "Start": {
                    "Line": 21,
                    "Column": 2,
                    "Abs": 145
                  },
                  "End": {
                    "Line": 21,
                    "Column": 11,
                    "Abs": 154
                  },
                  "Length": 9
                }
              }
            },
            "Name": "WithValue"
          },
          "Kind": "with_value",
          "Type": null,
          "Value": null,
          "Properties": [
            {
              "NodeId": 46,
              "Token": {
                "Types": [
                  "IDENTIFIER"
                ],
                "Value": "a",
                "Pos": {
                  "Start": {
                    "Line": 21,
                    "Column": 12,
                    "Abs": 155
                  },
                  "End": {
                    "Line": 21,
                    "Column": 13,
                    "Abs": 156
                  },
                  "Length": 1
                }
              },
              "RuleRange": {
                "Start": {
                  "Types": [
                    "IDENTIFIER"
                  ],
                  "Value": "a",
                  "Pos": {
                    "Start": {
                      "Line": 21,
                      "Column": 12,
                      "Abs": 155
                    },
                    "End": {
                      "Line": 21,
                      "Column": 13,
                      "Abs": 156
                    },
                    "Length": 1
                  }
                },
                "End": {
                  "Types": [
                    "IDENTIFIER"
                  ],
                  "Value": "a",
                  "Pos": {
                    "Start": {
                      "Line": 21,
                      "Column": 12,
                      "Abs": 155
                    },
                    "End": {
                      "Line": 21,
                      "Column": 13,
                      "Abs": 156
                    },
                    "Length": 1
                  }
                }
              },
              "Name": "a",
              "TypeReference": {
                "NodeId": 47,
                "Token": {
                  "Types": [
                    "IDENTIFIER"
                  ],
                  "Value": "int",
                  "Pos": {
                    "Start": {
                      "Line": 21,
                      "Column": 14,
                      "Abs": 157
                    },
                    "End": {
                      "Line": 21,
                      "Column": 17,
                      "Abs": 160
                    },
                    "Length": 3
                  }
                },
                "RuleRange": {
                  "Start": {
                    "Types": [
                      "IDENTIFIER"
                    ],
                    "Value": "int",
                    "Pos": {
                      "Start": {
                        "Line": 21,
                        "Column": 14,
                        "Abs": 157
                      },
                      "End": {
                        "Line": 21,
                        "Column": 17,
                        "Abs": 160
                      },
                      "Length": 3
                    }
                  },
                  "End": {
                    "Types": [
                      "IDENTIFIER"
                    ],
                    "Value": "int",
                    "Pos": {
                      "Start": {
                        "Line": 21,
                        "Column": 14,
                        "Abs": 157
                      },
                      "End": {
                        "Line": 21,
                        "Column": 17,
                        "Abs": 160
                      },
                      "Length": 3
                    }
                  }
                },
                "Type": "int",
                "IsPointer": false,
                "IsArray": false,
                "IsVariadic": false
              }
            },
            {
              "NodeId": 49,
              "Token": {
                "Types": [
                  "IDENTIFIER"
                ],
                "Value": "b",
                "Pos": {
                  "Start": {
                    "Line": 21,
                    "Column": 19,
                    "Abs": 162
                  },
                  "End": {
                    "Line": 21,
                    "Column": 20,
                    "Abs": 163
                  },
                  "Length": 1
                }
              },
              "RuleRange": {
                "Start": {
                  "Types": [
                    "IDENTIFIER"
                  ],
                  "Value": "b",
                  "Pos": {
                    "Start": {
                      "Line": 21,
                      "Column": 19,
                      "Abs": 162
                    },
                    "End": {
                      "Line": 21,
                      "Column": 20,
                      "Abs": 163
                    },
                    "Length": 1
                  }
                },
                "End": {
                  "Types": [
                    "IDENTIFIER"
                  ],
                  "Value": "b",
                  "Pos": {
                    "Start": {
                      "Line": 21,
                      "Column": 19,
                      "Abs": 162
                    },
                    "End": {
                      "Line": 21,
                      "Column": 20,
                      "Abs": 163
                    },
                    "Length": 1
                  }
                }
              },
              "Name": "b",
              "TypeReference": {
                "NodeId": 50,
                "Token": {
                  "Types": [
                    "IDENTIFIER"
                  ],
                  "Value": "Obj",
                  "Pos": {
                    "Start": {
                      "Line": 21,
                      "Column": 21,
                      "Abs": 164
                    },
                    "End": {
                      "Line": 21,
                      "Column": 24,
                      "Abs": 167
                    },
                    "Length": 3
                  }
                },
                "RuleRange": {
                  "Start": {
                    "Types": [
                      "IDENTIFIER"
                    ],
                    "Value": "Obj",
                    "Pos": {
                      "Start": {
                        "Line": 21,
                        "Column": 21,
                        "Abs": 164
                      },
                      "End": {
                        "Line": 21,
                        "Column": 24,
                        "Abs": 167
                      },
                      "Length": 3
                    }
                  },
                  "End": {
                    "Types": [
                      "IDENTIFIER"
                    ],
                    "Value": "Obj",
                    "Pos": {
                      "Start": {
                        "Line": 21,
                        "Column": 21,
                        "Abs": 164
                      },
                      "End": {
                        "Line": 21,
                        "Column": 24,
                        "Abs": 167
                      },
                      "Length": 3
                    }
                  }
                },
                "Type": "Obj",
                "IsPointer": false,
                "IsArray": false,
                "IsVariadic": false
              }
            }
          ]
        }
      ]
    },
    {
      "NodeId": 51,
      "Token": {
        "Types": [
          "KEYWORD_FUNC",
          "IDENTIFIER"
        ],
        "Value": "func",
        "Pos": {
          "Start": {
            "Line": 24,
            "Column": 0,
            "Abs": 172
          },
          "End": {
            "Line": 24,
            "Column": 4,
            "Abs": 176
          },
          "Length": 4
        }
      },
      "RuleRange": {
        "Start": {
          "Types": [
            "KEYWORD_FUNC",
            "IDENTIFIER"
          ],
          "Value": "func",
          "Pos": {
            "Start": {
              "Line": 24,
              "Column": 0,
              "Abs": 172
            },
            "End": {
              "Line": 24,
              "Column": 4,
              "Abs": 176
            },
            "Length": 4
          }
        },
        "End": {
          "Types": [
            "KEYWORD_FUNC",
            "IDENTIFIER"
          ],
          "Value": "func",
          "Pos": {
            "Start": {
              "Line": 24,
              "Column": 0,
              "Abs": 172
            },
            "End": {
              "Line": 24,
              "Column": 4,
              "Abs": 176
            },
            "Length": 4
          }
        }
      },
      "Name": "main",
      "Args": [],
      "ReturnType": {
        "NodeId": 52,
        "Token": {
          "Types": [
            "LCURLY"
          ],
          "Value": "{",
          "Pos": {
            "Start": {
              "Line": 24,
              "Column": 12,
              "Abs": 184
            },
            "End": {
              "Line": 24,
              "Column": 13,
              "Abs": 185
            },
            "Length": 1
          }
        },
        "RuleRange": null,
        "Name": "void"
      },
      "Receiver": null,
      "Body": {
        "NodeId": 53,
        "Token": {
          "Types": [
            "RCURLY"
          ],
          "Value": "}",
          "Pos": {
            "Start": {
              "Line": 29,
              "Column": 0,
              "Abs": 242
            },
            "End": {
              "Line": 29,
              "Column": 1,
              "Abs": 243
            },
            "Length": 1
          }
        },
        "RuleRange": {
          "Start": {
            "Types": [
              "LCURLY"
            ],
            "Value": "{",
            "Pos": {
              "Start": {
                "Line": 24,
                "Column": 12,
                "Abs": 184
              },
              "End": {
                "Line": 24,
                "Column": 13,
                "Abs": 185
              },
              "Length": 1
            }
          },
          "End": {
            "Types": [
              "LCURLY"
            ],
            "Value": "{",
            "Pos": {
              "Start": {
                "Line": 24,
                "Column": 12,
                "Abs": 184
              },
              "End": {
                "Line": 24,
                "Column": 13,
                "Abs": 185
              },
              "Length": 1
            }
          }
        },
        "Statements": [],
        "Function": null
      },
      "IsStatic": false,
      "IsBuiltin": false,
      "HasVariadicArgs": false
    }
  ],
  "Imports": [],
  "Objects": [
    {
      "NodeId": 31,
      "Token": {
        "Types": [
          "IDENTIFIER"
        ],
        "Value": "Obj",
        "Pos": {
          "Start": {
            "Line": 15,
            "Column": 7,
            "Abs": 85
          },
          "End": {
            "Line": 15,
            "Column": 10,
            "Abs": 88
          },
          "Length": 3
        }
      },
      "RuleRange": {
        "Start": {
          "Types": [
            "KEYWORD_OBJECT",
            "IDENTIFIER"
          ],
          "Value": "object",
          "Pos": {
            "Start": {
              "Line": 15,
              "Column": 0,
              "Abs": 78
            },
            "End": {
              "Line": 15,
              "Column": 6,
              "Abs": 84
            },
            "Length": 6
          }
        },
        "End": {
          "Types": [
            "IDENTIFIER"
          ],
          "Value": "Obj",
          "Pos": {
            "Start": {
              "Line": 15,
              "Column": 7,
              "Abs": 85
            },
            "End": {
              "Line": 15,
              "Column": 10,
              "Abs": 88
            },
            "Length": 3
          }
        }
      },
      "Name": {
        "NodeId": 32,
        "Token": {
          "Types": [
            "IDENTIFIER"
          ],
          "Value": "Obj",
          "Pos": {
            "Start": {
              "Line": 15,
              "Column": 7,
              "Abs": 85
            },
            "End": {
              "Line": 15,
              "Column": 10,
              "Abs": 88
            },
            "Length": 3
          }
        },
        "RuleRange": {
          "Start": {
            "Types": [
              "IDENTIFIER"
            ],
            "Value": "Obj",
            "Pos": {
              "Start": {
                "Line": 15,
                "Column": 7,
                "Abs": 85
              },
              "End": {
                "Line": 15,
                "Column": 10,
                "Abs": 88
              },
              "Length": 3
            }
          },
          "End": {
            "Types": [
              "IDENTIFIER"
            ],
            "Value": "Obj",
            "Pos": {
              "Start": {
                "Line": 15,
                "Column": 7,
                "Abs": 85
              },
              "End": {
                "Line": 15,
                "Column": 10,
                "Abs": 88
              },
              "Length": 3
            }
          }
        },
        "Name": "Obj"
      },
      "Fields": [
        {
          "NodeId": 34,
          "Token": {
            "Types": [
              "IDENTIFIER"
            ],
            "Value": "name",
            "Pos": {
              "Start": {
                "Line": 16,
                "Column": 2,
                "Abs": 93
              },
              "End": {
                "Line": 16,
                "Column": 6,
                "Abs": 97
              },
              "Length": 4
            }
          },
          "RuleRange": {
            "Start": {
              "Types": [
                "IDENTIFIER"
              ],
              "Value": "name",
              "Pos": {
                "Start": {
                  "Line": 16,
                  "Column": 2,
                  "Abs": 93
                },
                "End": {
                  "Line": 16,
                  "Column": 6,
                  "Abs": 97
                },
                "Length": 4
              }
            },
            "End": {
              "Types": [
                "IDENTIFIER"
              ],
              "Value": "name",
              "Pos": {
                "Start": {
                  "Line": 16,
                  "Column": 2,
                  "Abs": 93
                },
                "End": {
                  "Line": 16,
                  "Column": 6,
                  "Abs": 97
                },
                "Length": 4
              }
            }
          },
          "Name": "name",
          "TypeReference": {
            "NodeId": 35,
            "Token": {
              "Types": [
                "IDENTIFIER"
              ],
              "Value": "string",
              "Pos": {
                "Start": {
                  "Line": 16,
                  "Column": 7,
                  "Abs": 98
                },
                "End": {
                  "Line": 16,
                  "Column": 13,
                  "Abs": 104
                },
                "Length": 6
              }
            },
            "RuleRange": {
              "Start": {
                "Types": [
                  "IDENTIFIER"
                ],
                "Value": "string",
                "Pos": {
                  "Start": {
                    "Line": 16,
                    "Column": 7,
                    "Abs": 98
                  },
                  "End": {
                    "Line": 16,
                    "Column": 13,
                    "Abs": 104
                  },
                  "Length": 6
                }
              },
              "End": {
                "Types": [
                  "IDENTIFIER"
                ],
                "Value": "string",
                "Pos": {
                  "Start": {
                    "Line": 16,
                    "Column": 7,
                    "Abs": 98
                  },
                  "End": {
                    "Line": 16,
                    "Column": 13,
                    "Abs": 104
                  },
                  "Length": 6
                }
              }
            },
            "Type": "string",
            "IsPointer": false,
            "IsArray": false,
            "IsVariadic": false
          }
        }
      ],
      "Methods": {}
    }
  ],
  "Functions": [
    {
      "NodeId": 51,
      "Token": {
        "Types": [
          "KEYWORD_FUNC",
          "IDENTIFIER"
        ],
        "Value": "func",
        "Pos": {
          "Start": {
            "Line": 24,
            "Column": 0,
            "Abs": 172
          },
          "End": {
            "Line": 24,
            "Column": 4,
            "Abs": 176
          },
          "Length": 4
        }
      },
      "RuleRange": {
        "Start": {
          "Types": [
            "KEYWORD_FUNC",
            "IDENTIFIER"
          ],
          "Value": "func",
          "Pos": {
            "Start": {
              "Line": 24,
              "Column": 0,
              "Abs": 172
            },
            "End": {
              "Line": 24,
              "Column": 4,
              "Abs": 176
            },
            "Length": 4
          }
        },
        "End": {
          "Types": [
            "KEYWORD_FUNC",
            "IDENTIFIER"
          ],
          "Value": "func",
          "Pos": {
            "Start": {
              "Line": 24,
              "Column": 0,
              "Abs": 172
            },
            "End": {
              "Line": 24,
              "Column": 4,
              "Abs": 176
            },
            "Length": 4
          }
        }
      },
      "Name": "main",
      "Args": [],
      "ReturnType": {
        "NodeId": 52,
        "Token": {
          "Types": [
            "LCURLY"
          ],
          "Value": "{",
          "Pos": {
            "Start": {
              "Line": 24,
              "Column": 12,
              "Abs": 184
            },
            "End": {
              "Line": 24,
              "Column": 13,
              "Abs": 185
            },
            "Length": 1
          }
        },
        "RuleRange": null,
        "Name": "void"
      },
      "Receiver": null,
      "Body": {
        "NodeId": 53,
        "Token": {
          "Types": [
            "RCURLY"
          ],
          "Value": "}",
          "Pos": {
            "Start": {
              "Line": 29,
              "Column": 0,
              "Abs": 242
            },
            "End": {
              "Line": 29,
              "Column": 1,
              "Abs": 243
            },
            "Length": 1
          }
        },
        "RuleRange": {
          "Start": {
            "Types": [
              "LCURLY"
            ],
            "Value": "{",
            "Pos": {
              "Start": {
                "Line": 24,
                "Column": 12,
                "Abs": 184
              },
              "End": {
                "Line": 24,
                "Column": 13,
                "Abs": 185
              },
              "Length": 1
            }
          },
          "End": {
            "Types": [
              "LCURLY"
            ],
            "Value": "{",
            "Pos": {
              "Start": {
                "Line": 24,
                "Column": 12,
                "Abs": 184
              },
              "End": {
                "Line": 24,
                "Column": 13,
                "Abs": 185
              },
              "Length": 1
            }
          }
        },
        "Statements": [],
        "Function": null
      },
      "IsStatic": false,
      "IsBuiltin": false,
      "HasVariadicArgs": false
    }
  ]
}