{
  "NodeId": 8,
  "Token": {
    "Types": [
      "KEYWORD_FUNC",
      "IDENTIFIER"
    ],
    "Value": "func",
    "Pos": {
      "Start": {
        "Line": 1,
        "Column": 0,
        "Abs": 0
      },
      "End": {
        "Line": 1,
        "Column": 4,
        "Abs": 4
      },
      "Length": 4
    }
  },
  "RuleRange": null,
  "Statements": [
    null,
    null,
    null
  ],
  "Imports": [],
  "Declarations": [
    null,
    null,
    null
  ]
}