[
  {
    "Types": [
      "IDENTIFIER",
      "KEYWORD_FUNC"
    ],
    "Value": "func",
    "Pos": {
      "Start": {
        "Line": 1,
        "Column": 0,
        "Abs": 0
      },
      "End": {
        "Line": 1,
        "Column": 4,
        "Abs": 4
      },
      "Length": 4
    }
  },
  {
    "Types": [
      "IDENTIFIER"
    ],
    "Value": "pls",
    "Pos": {
      "Start": {
        "Line": 1,
        "Column": 5,
        "Abs": 5
      },
      "End": {
        "Line": 1,
        "Column": 8,
        "Abs": 8
      },
      "Length": 3
    }
  },
  {
    "Types": [
      "LPAREN"
    ],
    "Value": "(",
    "Pos": {
      "Start": {
        "Line": 1,
        "Column": 7,
        "Abs": 7
      },
      "End": {
        "Line": 1,
        "Column": 8,
        "Abs": 8
      },
      "Length": 1
    }
  },
  {
    "Types": [
      "RPAREN"
    ],
    "Value": ")",
    "Pos": {
      "Start": {
        "Line": 1,
        "Column": 8,
        "Abs": 8
      },
      "End": {
        "Line": 1,
        "Column": 9,
        "Abs": 9
      },
      "Length": 1
    }
  },
  {
    "Types": [
      "LCURLY"
    ],
    "Value": "{",
    "Pos": {
      "Start": {
        "Line": 1,
        "Column": 10,
        "Abs": 10
      },
      "End": {
        "Line": 1,
        "Column": 11,
        "Abs": 11
      },
      "Length": 1
    }
  },
  {
    "Types": [
      "IDENTIFIER"
    ],
    "Value": "fmt",
    "Pos": {
      "Start": {
        "Line": 2,
        "Column": 4,
        "Abs": 17
      },
      "End": {
        "Line": 2,
        "Column": 7,
        "Abs": 20
      },
      "Length": 3
    }
  },
  {
    "Types": [
      "COLON_COLON"
    ],
    "Value": "::",
    "Pos": {
      "Start": {
        "Line": 2,
        "Column": 5,
        "Abs": 18
      },
      "End": {
        "Line": 2,
        "Column": 7,
        "Abs": 20
      },
      "Length": 2
    }
  },
  {
    "Types": [
      "IDENTIFIER"
    ],
    "Value": "printf",
    "Pos": {
      "Start": {
        "Line": 2,
        "Column": 9,
        "Abs": 22
      },
      "End": {
        "Line": 2,
        "Column": 15,
        "Abs": 28
      },
      "Length": 6
    }
  },
  {
    "Types": [
      "LPAREN"
    ],
    "Value": "(",
    "Pos": {
      "Start": {
        "Line": 2,
        "Column": 14,
        "Abs": 27
      },
      "End": {
        "Line": 2,
        "Column": 15,
        "Abs": 28
      },
      "Length": 1
    }
  },
  {
    "Types": [
      "STRING"
    ],
    "Value": "...",
    "Pos": {
      "Start": {
        "Line": 2,
        "Column": 16,
        "Abs": 29
      },
      "End": {
        "Line": 2,
        "Column": 21,
        "Abs": 34
      },
      "Length": 5
    }
  },
  {
    "Types": [
      "COMMA"
    ],
    "Value": ",",
    "Pos": {
      "Start": {
        "Line": 2,
        "Column": 20,
        "Abs": 33
      },
      "End": {
        "Line": 2,
        "Column": 21,
        "Abs": 34
      },
      "Length": 1
    }
  },
  {
    "Types": [
      "IDENTIFIER"
    ],
    "Value": "value",
    "Pos": {
      "Start": {
        "Line": 2,
        "Column": 23,
        "Abs": 36
      },
      "End": {
        "Line": 2,
        "Column": 28,
        "Abs": 41
      },
      "Length": 5
    }
  },
  {
    "Types": [
      "RPAREN"
    ],
    "Value": ")",
    "Pos": {
      "Start": {
        "Line": 2,
        "Column": 27,
        "Abs": 40
      },
      "End": {
        "Line": 2,
        "Column": 28,
        "Abs": 41
      },
      "Length": 1
    }
  },
  {
    "Types": [
      "SEMICOLON"
    ],
    "Value": ";",
    "Pos": {
      "Start": {
        "Line": 2,
        "Column": 28,
        "Abs": 41
      },
      "End": {
        "Line": 2,
        "Column": 29,
        "Abs": 42
      },
      "Length": 1
    }
  },
  {
    "Types": [
      "IDENTIFIER",
      "KEYWORD_VAR"
    ],
    "Value": "var",
    "Pos": {
      "Start": {
        "Line": 3,
        "Column": 1,
        "Abs": 45
      },
      "End": {
        "Line": 3,
        "Column": 4,
        "Abs": 48
      },
      "Length": 3
    }
  },
  {
    "Types": [
      "IDENTIFIER"
    ],
    "Value": "value",
    "Pos": {
      "Start": {
        "Line": 3,
        "Column": 5,
        "Abs": 49
      },
      "End": {
        "Line": 3,
        "Column": 10,
        "Abs": 54
      },
      "Length": 5
    }
  },
  {
    "Types": [
      "EQ"
    ],
    "Value": "=",
    "Pos": {
      "Start": {
        "Line": 3,
        "Column": 10,
        "Abs": 54
      },
      "End": {
        "Line": 3,
        "Column": 11,
        "Abs": 55
      },
      "Length": 1
    }
  },
  {
    "Types": [
      "LCURLY"
    ],
    "Value": "{",
    "Pos": {
      "Start": {
        "Line": 3,
        "Column": 12,
        "Abs": 56
      },
      "End": {
        "Line": 3,
        "Column": 13,
        "Abs": 57
      },
      "Length": 1
    }
  },
  {
    "Types": [
      "STRING"
    ],
    "Value": "key1",
    "Pos": {
      "Start": {
        "Line": 4,
        "Column": 8,
        "Abs": 67
      },
      "End": {
        "Line": 4,
        "Column": 14,
        "Abs": 73
      },
      "Length": 6
    }
  },
  {
    "Types": [
      "COLON"
    ],
    "Value": ":",
    "Pos": {
      "Start": {
        "Line": 4,
        "Column": 13,
        "Abs": 72
      },
      "End": {
        "Line": 4,
        "Column": 14,
        "Abs": 73
      },
      "Length": 1
    }
  },
  {
    "Types": [
      "STRING"
    ],
    "Value": "value1",
    "Pos": {
      "Start": {
        "Line": 4,
        "Column": 16,
        "Abs": 75
      },
      "End": {
        "Line": 4,
        "Column": 24,
        "Abs": 83
      },
      "Length": 8
    }
  },
  {
    "Types": [
      "COMMA"
    ],
    "Value": ",",
    "Pos": {
      "Start": {
        "Line": 4,
        "Column": 23,
        "Abs": 82
      },
      "End": {
        "Line": 4,
        "Column": 24,
        "Abs": 83
      },
      "Length": 1
    }
  },
  {
    "Types": [
      "STRING"
    ],
    "Value": "key2",
    "Pos": {
      "Start": {
        "Line": 5,
        "Column": 8,
        "Abs": 93
      },
      "End": {
        "Line": 5,
        "Column": 14,
        "Abs": 99
      },
      "Length": 6
    }
  },
  {
    "Types": [
      "COLON"
    ],
    "Value": ":",
    "Pos": {
      "Start": {
        "Line": 5,
        "Column": 13,
        "Abs": 98
      },
      "End": {
        "Line": 5,
        "Column": 14,
        "Abs": 99
      },
      "Length": 1
    }
  },
  {
    "Types": [
      "STRING"
    ],
    "Value": "value2",
    "Pos": {
      "Start": {
        "Line": 5,
        "Column": 16,
        "Abs": 101
      },
      "End": {
        "Line": 5,
        "Column": 24,
        "Abs": 109
      },
      "Length": 8
    }
  },
  {
    "Types": [
      "COMMA"
    ],
    "Value": ",",
    "Pos": {
      "Start": {
        "Line": 5,
        "Column": 23,
        "Abs": 108
      },
      "End": {
        "Line": 5,
        "Column": 24,
        "Abs": 109
      },
      "Length": 1
    }
  },
  {
    "Types": [
      "RCURLY"
    ],
    "Value": "}",
    "Pos": {
      "Start": {
        "Line": 6,
        "Column": 3,
        "Abs": 114
      },
      "End": {
        "Line": 6,
        "Column": 4,
        "Abs": 115
      },
      "Length": 1
    }
  },
  {
    "Types": [
      "SEMICOLON"
    ],
    "Value": ";",
    "Pos": {
      "Start": {
        "Line": 6,
        "Column": 4,
        "Abs": 115
      },
      "End": {
        "Line": 6,
        "Column": 5,
        "Abs": 116
      },
      "Length": 1
    }
  },
  {
    "Types": [
      "RCURLY"
    ],
    "Value": "}",
    "Pos": {
      "Start": {
        "Line": 7,
        "Column": -1,
        "Abs": 117
      },
      "End": {
        "Line": 7,
        "Column": 0,
        "Abs": 118
      },
      "Length": 1
    }
  }
]