[
  {
    "Types": [
      "IDENTIFIER",
      "KEYWORD_FUNC"
    ],
    "Value": "func",
    "Pos": {
      "Start": {
        "Line": 1,
        "Column": 0,
        "Abs": 0
      },
      "End": {
        "Line": 1,
        "Column": 4,
        "Abs": 4
      },
      "Length": 4
    }
  },
  {
    "Types": [
      "IDENTIFIER"
    ],
    "Value": "pls_0_no_dont_do_it",
    "Pos": {
      "Start": {
        "Line": 1,
        "Column": 5,
        "Abs": 5
      },
      "End": {
        "Line": 1,
        "Column": 24,
        "Abs": 24
      },
      "Length": 19
    }
  },
  {
    "Types": [
      "LPAREN"
    ],
    "Value": "(",
    "Pos": {
      "Start": {
        "Line": 1,
        "Column": 23,
        "Abs": 23
      },
      "End": {
        "Line": 1,
        "Column": 24,
        "Abs": 24
      },
      "Length": 1
    }
  },
  {
    "Types": [
      "RPAREN"
    ],
    "Value": ")",
    "Pos": {
      "Start": {
        "Line": 1,
        "Column": 24,
        "Abs": 24
      },
      "End": {
        "Line": 1,
        "Column": 25,
        "Abs": 25
      },
      "Length": 1
    }
  },
  {
    "Types": [
      "LCURLY"
    ],
    "Value": "{",
    "Pos": {
      "Start": {
        "Line": 1,
        "Column": 26,
        "Abs": 26
      },
      "End": {
        "Line": 1,
        "Column": 27,
        "Abs": 27
      },
      "Length": 1
    }
  },
  {
    "Types": [
      "RCURLY"
    ],
    "Value": "}",
    "Pos": {
      "Start": {
        "Line": 1,
        "Column": 27,
        "Abs": 27
      },
      "End": {
        "Line": 1,
        "Column": 28,
        "Abs": 28
      },
      "Length": 1
    }
  },
  {
    "Types": [
      "IDENTIFIER",
      "KEYWORD_FUNC"
    ],
    "Value": "func",
    "Pos": {
      "Start": {
        "Line": 3,
        "Column": 0,
        "Abs": 31
      },
      "End": {
        "Line": 3,
        "Column": 4,
        "Abs": 35
      },
      "Length": 4
    }
  },
  {
    "Types": [
      "IDENTIFIER"
    ],
    "Value": "pls",
    "Pos": {
      "Start": {
        "Line": 3,
        "Column": 5,
        "Abs": 36
      },
      "End": {
        "Line": 3,
        "Column": 8,
        "Abs": 39
      },
      "Length": 3
    }
  },
  {
    "Types": [
      "LPAREN"
    ],
    "Value": "(",
    "Pos": {
      "Start": {
        "Line": 3,
        "Column": 7,
        "Abs": 38
      },
      "End": {
        "Line": 3,
        "Column": 8,
        "Abs": 39
      },
      "Length": 1
    }
  },
  {
    "Types": [
      "RPAREN"
    ],
    "Value": ")",
    "Pos": {
      "Start": {
        "Line": 3,
        "Column": 8,
        "Abs": 39
      },
      "End": {
        "Line": 3,
        "Column": 9,
        "Abs": 40
      },
      "Length": 1
    }
  },
  {
    "Types": [
      "LCURLY"
    ],
    "Value": "{",
    "Pos": {
      "Start": {
        "Line": 3,
        "Column": 10,
        "Abs": 41
      },
      "End": {
        "Line": 3,
        "Column": 11,
        "Abs": 42
      },
      "Length": 1
    }
  },
  {
    "Types": [
      "IDENTIFIER"
    ],
    "Value": "fmt",
    "Pos": {
      "Start": {
        "Line": 4,
        "Column": 4,
        "Abs": 48
      },
      "End": {
        "Line": 4,
        "Column": 7,
        "Abs": 51
      },
      "Length": 3
    }
  },
  {
    "Types": [
      "COLON_COLON"
    ],
    "Value": "::",
    "Pos": {
      "Start": {
        "Line": 4,
        "Column": 5,
        "Abs": 49
      },
      "End": {
        "Line": 4,
        "Column": 7,
        "Abs": 51
      },
      "Length": 2
    }
  },
  {
    "Types": [
      "IDENTIFIER"
    ],
    "Value": "printf",
    "Pos": {
      "Start": {
        "Line": 4,
        "Column": 9,
        "Abs": 53
      },
      "End": {
        "Line": 4,
        "Column": 15,
        "Abs": 59
      },
      "Length": 6
    }
  },
  {
    "Types": [
      "LPAREN"
    ],
    "Value": "(",
    "Pos": {
      "Start": {
        "Line": 4,
        "Column": 14,
        "Abs": 58
      },
      "End": {
        "Line": 4,
        "Column": 15,
        "Abs": 59
      },
      "Length": 1
    }
  },
  {
    "Types": [
      "STRING"
    ],
    "Value": "...",
    "Pos": {
      "Start": {
        "Line": 4,
        "Column": 16,
        "Abs": 60
      },
      "End": {
        "Line": 4,
        "Column": 21,
        "Abs": 65
      },
      "Length": 5
    }
  },
  {
    "Types": [
      "COMMA"
    ],
    "Value": ",",
    "Pos": {
      "Start": {
        "Line": 4,
        "Column": 20,
        "Abs": 64
      },
      "End": {
        "Line": 4,
        "Column": 21,
        "Abs": 65
      },
      "Length": 1
    }
  },
  {
    "Types": [
      "IDENTIFIER"
    ],
    "Value": "value",
    "Pos": {
      "Start": {
        "Line": 4,
        "Column": 23,
        "Abs": 67
      },
      "End": {
        "Line": 4,
        "Column": 28,
        "Abs": 72
      },
      "Length": 5
    }
  },
  {
    "Types": [
      "RPAREN"
    ],
    "Value": ")",
    "Pos": {
      "Start": {
        "Line": 4,
        "Column": 27,
        "Abs": 71
      },
      "End": {
        "Line": 4,
        "Column": 28,
        "Abs": 72
      },
      "Length": 1
    }
  },
  {
    "Types": [
      "SEMICOLON"
    ],
    "Value": ";",
    "Pos": {
      "Start": {
        "Line": 4,
        "Column": 28,
        "Abs": 72
      },
      "End": {
        "Line": 4,
        "Column": 29,
        "Abs": 73
      },
      "Length": 1
    }
  },
  {
    "Types": [
      "IDENTIFIER",
      "KEYWORD_VAR"
    ],
    "Value": "var",
    "Pos": {
      "Start": {
        "Line": 5,
        "Column": 1,
        "Abs": 76
      },
      "End": {
        "Line": 5,
        "Column": 4,
        "Abs": 79
      },
      "Length": 3
    }
  },
  {
    "Types": [
      "IDENTIFIER"
    ],
    "Value": "value",
    "Pos": {
      "Start": {
        "Line": 5,
        "Column": 5,
        "Abs": 80
      },
      "End": {
        "Line": 5,
        "Column": 10,
        "Abs": 85
      },
      "Length": 5
    }
  },
  {
    "Types": [
      "EQ"
    ],
    "Value": "=",
    "Pos": {
      "Start": {
        "Line": 5,
        "Column": 10,
        "Abs": 85
      },
      "End": {
        "Line": 5,
        "Column": 11,
        "Abs": 86
      },
      "Length": 1
    }
  },
  {
    "Types": [
      "LCURLY"
    ],
    "Value": "{",
    "Pos": {
      "Start": {
        "Line": 5,
        "Column": 12,
        "Abs": 87
      },
      "End": {
        "Line": 5,
        "Column": 13,
        "Abs": 88
      },
      "Length": 1
    }
  },
  {
    "Types": [
      "STRING"
    ],
    "Value": "key1",
    "Pos": {
      "Start": {
        "Line": 6,
        "Column": 8,
        "Abs": 98
      },
      "End": {
        "Line": 6,
        "Column": 14,
        "Abs": 104
      },
      "Length": 6
    }
  },
  {
    "Types": [
      "COLON"
    ],
    "Value": ":",
    "Pos": {
      "Start": {
        "Line": 6,
        "Column": 13,
        "Abs": 103
      },
      "End": {
        "Line": 6,
        "Column": 14,
        "Abs": 104
      },
      "Length": 1
    }
  },
  {
    "Types": [
      "STRING"
    ],
    "Value": "value1",
    "Pos": {
      "Start": {
        "Line": 6,
        "Column": 16,
        "Abs": 106
      },
      "End": {
        "Line": 6,
        "Column": 24,
        "Abs": 114
      },
      "Length": 8
    }
  },
  {
    "Types": [
      "COMMA"
    ],
    "Value": ",",
    "Pos": {
      "Start": {
        "Line": 6,
        "Column": 23,
        "Abs": 113
      },
      "End": {
        "Line": 6,
        "Column": 24,
        "Abs": 114
      },
      "Length": 1
    }
  },
  {
    "Types": [
      "STRING"
    ],
    "Value": "key2",
    "Pos": {
      "Start": {
        "Line": 7,
        "Column": 8,
        "Abs": 124
      },
      "End": {
        "Line": 7,
        "Column": 14,
        "Abs": 130
      },
      "Length": 6
    }
  },
  {
    "Types": [
      "COLON"
    ],
    "Value": ":",
    "Pos": {
      "Start": {
        "Line": 7,
        "Column": 13,
        "Abs": 129
      },
      "End": {
        "Line": 7,
        "Column": 14,
        "Abs": 130
      },
      "Length": 1
    }
  },
  {
    "Types": [
      "STRING"
    ],
    "Value": "value2",
    "Pos": {
      "Start": {
        "Line": 7,
        "Column": 16,
        "Abs": 132
      },
      "End": {
        "Line": 7,
        "Column": 24,
        "Abs": 140
      },
      "Length": 8
    }
  },
  {
    "Types": [
      "COMMA"
    ],
    "Value": ",",
    "Pos": {
      "Start": {
        "Line": 7,
        "Column": 23,
        "Abs": 139
      },
      "End": {
        "Line": 7,
        "Column": 24,
        "Abs": 140
      },
      "Length": 1
    }
  },
  {
    "Types": [
      "RCURLY"
    ],
    "Value": "}",
    "Pos": {
      "Start": {
        "Line": 8,
        "Column": 3,
        "Abs": 145
      },
      "End": {
        "Line": 8,
        "Column": 4,
        "Abs": 146
      },
      "Length": 1
    }
  },
  {
    "Types": [
      "SEMICOLON"
    ],
    "Value": ";",
    "Pos": {
      "Start": {
        "Line": 8,
        "Column": 4,
        "Abs": 146
      },
      "End": {
        "Line": 8,
        "Column": 5,
        "Abs": 147
      },
      "Length": 1
    }
  },
  {
    "Types": [
      "RCURLY"
    ],
    "Value": "}",
    "Pos": {
      "Start": {
        "Line": 9,
        "Column": -1,
        "Abs": 148
      },
      "End": {
        "Line": 9,
        "Column": 0,
        "Abs": 149
      },
      "Length": 1
    }
  }
]